// Jest Snapshot v1, https://goo.gl/fbAQLP

exports[`WizardStep matches snapshot 1`] = `
<Fragment>
  <div
    className="wizard-step--container"
  >
    <div
      className="wizard-step--shadow"
    />
    <FancyScrollbar
      autoHeight={true}
      autoHide={false}
      maxHeight={345.6}
      setScrollTop={[Function]}
      style={Object {}}
    >
      <div
        className="wizard-step--child"
      >
        this is a text
      </div>
    </FancyScrollbar>
  </div>
  <WizardButtonBar
    nextLabel="Next"
    onClickNext={[Function]}
    onClickPrevious={[Function]}
    previousLabel="Previous"
  />
</Fragment>
`;
